// Jest Snapshot v1, https://goo.gl/fbAQLP

exports[`Product Info should render properly and stay consistent 1`] = `
<div
  className="productBorder"
>
  <div
    className="reviews"
    onClick={[MockFunction]}
  >
    1
    1
    1
     Read all reviews
  </div>
  <div>
    Jackets
  </div>
  <div
    className="productName"
  >
    Camo Onesie
  </div>
  <StyleSelector
    click={[MockFunction]}
    currentProduct={
      Object {
        "category": "Jackets",
        "default_price": "140.00",
        "description": "The So Fatigues will wake you up and fit you in. This high energy camo will have you blending in to even the wildest surroundings.",
        "id": 40344,
        "name": "Camo Onesie",
        "slogan": "Blend in to your crowd",
      }
    }
    currentStyle={
      Object {
        "default?": true,
        "name": "Forest Green & Black",
        "original_price": "140.00",
        "photos": Array [
          Object {
            "thumbnail_url": "https://images.unsplash.com/photo-1501088430049-71c79fa3283e?ixlib=rb-1.2.1&ixid=eyJhcHBfaWQiOjEyMDd9&auto=format&fit=crop&w=300&q=80",
            "url": "https://images.unsplash.com/photo-1501088430049-71c79fa3283e?ixlib=rb-1.2.1&ixid=eyJhcHBfaWQiOjEyMDd9&auto=format&fit=crop&w=668&q=80",
          },
        ],
        "sale_price": null,
        "skus": Object {
          "1394769": Object {
            "quantity": 8,
            "size": "XS",
          },
        },
        "style_id": 240500,
      }
    }
    id={240500}
    styles={
      Array [
        Object {
          "default?": true,
          "name": "Forest Green & Black",
          "original_price": "140.00",
          "photos": Array [
            Object {
              "thumbnail_url": "https://images.unsplash.com/photo-1501088430049-71c79fa3283e?ixlib=rb-1.2.1&ixid=eyJhcHBfaWQiOjEyMDd9&auto=format&fit=crop&w=300&q=80",
              "url": "https://images.unsplash.com/photo-1501088430049-71c79fa3283e?ixlib=rb-1.2.1&ixid=eyJhcHBfaWQiOjEyMDd9&auto=format&fit=crop&w=668&q=80",
            },
          ],
          "sale_price": null,
          "skus": Object {
            "1394769": Object {
              "quantity": 8,
              "size": "XS",
            },
          },
          "style_id": 240500,
        },
        Object {
          "name": "Forest Green & Black",
          "original_price": "140.00",
          "photos": Array [
            Object {
              "thumbnail_url": "https://images.unsplash.com/photo-1501088430049-71c79fa3283e?ixlib=rb-1.2.1&ixid=eyJhcHBfaWQiOjEyMDd9&auto=format&fit=crop&w=300&q=80",
              "url": "https://images.unsplash.com/photo-1501088430049-71c79fa3283e?ixlib=rb-1.2.1&ixid=eyJhcHBfaWQiOjEyMDd9&auto=format&fit=crop&w=668&q=80",
            },
          ],
          "sale_price": null,
          "skus": Object {
            "1394769": Object {
              "quantity": 8,
              "size": "XS",
            },
          },
          "style_id": 240500,
        },
      ]
    }
  />
</div>
`;
